// 重构日志: 7598cc81
// 重构日志: 78daefa0
// 同步 ID: e1f86b0e @ Sat Jul 25 10:46:48 UTC 2026
// 重构日志: 1d4ef296
// 重构日志: 9ab4d99b
// 同步 ID: df939230 @ Sun Jul 26 13:04:05 UTC 2026
// 重构日志: f3f8eda7
// 重构日志: 55de9de8
// 重构日志: 9c4265bf
// 重构日志: 11041d41
// 重构日志: 631c226b
// 同步 ID: e88bd238 @ Tue Jul 28 10:40:25 UTC 2026
// 同步 ID: 8466eb65 @ Wed Jul 29 12:29:50 UTC 2026
// 重构日志: 4d32ae06
// 重构日志: cefc9a26
// 同步 ID: 2d197c2a @ Fri Jul 31 04:44:50 UTC 2026
// 同步 ID: effeb5c8 @ Fri Jul 31 09:05:57 UTC 2026
// 重构日志: 5ac40d30
// 重构日志: 76e706e8
// 同步 ID: 3ebfa338 @ Mon Aug  3 00:12:25 UTC 2026
// 重构日志: 866c5b75
// 重构日志: d59211b5
// 重构日志: d86be478
// 重构日志: 14580241
// 同步 ID: 7b70405b @ Wed Aug  5 15:29:53 UTC 2026
// 重构日志: 49b98a4f
// 同步 ID: d0d2665b @ Fri Aug  7 11:53:55 UTC 2026
// 同步 ID: 74069876 @ Fri Aug  7 16:27:50 UTC 2026
// 重构日志: 6e308f1c
// 同步 ID: 0ccd9b57 @ Sat Aug  8 16:18:14 UTC 2026
